oled.c:6:6:OLED_Refresh_Gram	16	static
oled.c:18:6:OLED_WR_Byte	24	static
oled.c:41:6:OLED_Clear	16	static
oled.c:51:6:OLED_Display_On	8	static
oled.c:60:6:OLED_Display_Off	8	static
oled.c:70:6:OLED_DrawPoint	24	static
oled.c:83:6:OLED_ShowChar	32	static
oled.c:108:10:oled_pow	24	static
oled.c:118:6:OLED_ShowNumber	40	static
oled.c:140:6:OLED_ShowString	24	static
oled.c:154:6:OLED_Init	8	static
main.c:96:5:main	8	static
main.c:184:6:SystemClock_Config	72	static
main.c:220:13:MX_TIM1_Init	96	static
main.c:294:13:MX_TIM2_Init	56	static
main.c:343:13:MX_TIM4_Init	56	static
main.c:392:13:MX_TIM8_Init	96	static
main.c:470:13:MX_USART3_UART_Init	8	static
main.c:503:13:MX_GPIO_Init	40	static
main.c:554:6:HAL_UART_RxCpltCallback	16	static
main.c:570:6:StartDefaultTask	200	static
main.c:611:6:UART_show	136	static
main.c:643:6:Error_Handler	4	static,ignoring_inline_asm
