main.c:626:6:StartDefaultTask	216	static
oled.c:18:6:OLED_WR_Byte	16	static
oled.c:6:6:OLED_Refresh_Gram	16	static
oled.c:41:6:OLED_Clear	0	static
oled.c:51:6:OLED_Display_On	8	static
oled.c:60:6:OLED_Display_Off	8	static
oled.c:70:6:OLED_DrawPoint	12	static
oled.c:83:6:OLED_ShowChar	48	static
oled.c:108:10:oled_pow	0	static
oled.c:118:6:OLED_ShowNumber	56	static
oled.c:140:6:OLED_ShowString	32	static
main.c:783:6:UART_show	104	static
oled.c:154:6:OLED_Init	8	static
main.c:188:6:SystemClock_Config	96	static,ignoring_inline_asm
main.c:100:5:main	112	static,ignoring_inline_asm
main.c:610:6:HAL_UART_RxCpltCallback	0	static
main.c:818:6:Error_Handler	0	static,ignoring_inline_asm
